#-----------------------------------------------------------
# Vivado v2024.1 (64-bit)
# SW Build 5076996 on Wed May 22 18:37:14 MDT 2024
# IP Build 5075265 on Wed May 22 21:45:21 MDT 2024
# SharedData Build 5076995 on Wed May 22 18:29:18 MDT 2024
# Start of session at: Wed Jun 10 12:41:49 2026
# Process ID: 26824
# Current directory: C:/Users/lukas/GitHub-Repositories/NodeEEBench/Xilinx/EEBench/EEBench.runs/impl_1
# Command line: vivado.exe -log EEBench.vdi -applog -product Vivado -messageDb vivado.pb -mode batch -source EEBench.tcl -notrace
# Log file: C:/Users/lukas/GitHub-Repositories/NodeEEBench/Xilinx/EEBench/EEBench.runs/impl_1/EEBench.vdi
# Journal file: C:/Users/lukas/GitHub-Repositories/NodeEEBench/Xilinx/EEBench/EEBench.runs/impl_1\vivado.jou
# Running On        :LKLenovo
# Platform          :Windows Server 2016 or Windows 10
# Operating System  :26200
# Processor Detail  :13th Gen Intel(R) Core(TM) i7-13700H
# CPU Frequency     :2918 MHz
# CPU Physical cores:14
# CPU Logical cores :20
# Host memory       :33854 MB
# Swap memory       :2147 MB
# Total Virtual     :36001 MB
# Available Virtual :20299 MB
#-----------------------------------------------------------
source EEBench.tcl -notrace
